# 0. Introduction

> 1. [ìˆ˜ë™ ë§ˆìš´íŠ¸ ì‹¤ìŠµ](#1-ìˆ˜ë™-ë§ˆìš´íŠ¸-ì‹¤ìŠµ)  
> 2. [ìë™ ë§ˆìš´íŠ¸ ì‹¤ìŠµ](#2-ìë™-ë§ˆìš´íŠ¸-ì‹¤ìŠµ)  

- í•´ë‹¹ ê°•ì˜ëŠ” [ëŸ¬ë‹ìŠ¤í‘¼ì¦ˆ - ë‚˜ë…¸ë””ê·¸ë¦¬ Python & Django backed course](https://learningspoons.com/course/detail/django-backend/)ì˜ Jason.Kim ê°•ì‚¬ë‹˜ì˜ Linux ê°•ì˜ë¡œë¶€í„° í•™ìŠµí•œ ìë£Œì…ë‹ˆë‹¤.

- Linuxì˜ ê¸°ë³¸ ëª…ë ¹ì–´ëŠ” ëª¨ë‘ ì¤‘ìš”í•˜ë¯€ë¡œ, ë‹¤ í•™ìŠµí•´ì•¼ í•œë‹¤.

- ì§€ë‚œ ì±•í„°ì—ëŠ” ë°ì´í„° ì €ì¥ê³¼ íŒ¨í‚¤ì§€ì— ëŒ€í•´ í•™ìŠµí–ˆë‹¤.

- ì´ë²ˆ ì±•í„°ì—ì„œëŠ” HDDì™€ íŒŒí‹°ì…˜ì— ëŒ€í•´ í•™ìŠµí•œë‹¤. 

<br>

---

# 1. ìˆ˜ë™ ë§ˆìš´íŠ¸ ì‹¤ìŠµ

## 1.1 íŒŒí‹°ì…˜ í™•ì¸í•˜ê¸°


```yml
[root@ip-172-31-8-107 ~]# fdisk -l /dev/sdf
Disk /dev/sdf: 1 GiB, 1073741824 bytes, 2097152 sectors
Units: sectors of 1 * 512 = 512 bytes
Sector size (logical/physical): 512 bytes / 512 bytes
I/O size (minimum/optimal): 512 bytes / 512 bytes
Disklabel type: dos
Disk identifier: 0x7c6de18b

Device     Boot   Start     End Sectors  Size Id Type
/dev/sdf1          2048 1435647 1433600  700M 83 Linux
/dev/sdf2       1435648 1845247  409600  200M  5 Extended
/dev/sdf3       1845248 2097151  251904  123M 83 Linux
/dev/sdf5       1437696 1845247  407552  199M 83 Linux

Partition table entries are not in disk order.
```

- ğŸ”† ìœ„ì— ìƒì„±ëœ íŒŒí‹°ì…˜ë“¤ì€ ëª¨ë‘ í¬ë§·ì„ í•´ì•¼ ì‚¬ìš©ê°€ëŠ¥í•œ ìƒíƒœê°€ ë˜ë¯€ë¡œ í¬ë§· ëª…ë ¹ì–´ë¥¼ ì‹¤í–‰í•´ë³´ì.

<br>

---

## 1.2 /dev/sdf í¬ë§·í•˜ê¸°

### /dev/sdf1 í¬ë§·í•˜ê¸°

- í¬ë§· ëª…ë ¹ì–´: `mkfs -t ext4 /dev/sdf1`

- /dev/sdf1: primary partition

```yml
[root@ip-172-31-8-107 ~]# mkfs -t ext4 /dev/sdf1
mke2fs 1.42.9 (28-Dec-2013)
Filesystem label=
OS type: Linux
Block size=4096 (log=2)
Fragment size=4096 (log=2)
Stride=0 blocks, Stripe width=0 blocks
44832 inodes, 179200 blocks
8960 blocks (5.00%) reserved for the super user
First data block=0
Maximum filesystem blocks=184549376
6 block groups
32768 blocks per group, 32768 fragments per group
7472 inodes per group
Superblock backups stored on blocks:
	32768, 98304, 163840

# ì´ ë¶€ë¶„ì„ ë³´ë©´ doneìœ¼ë¡œì„œ, í¬ë§·ëœ ê²ƒì„ ì•Œ ìˆ˜ ìˆë‹¤.
Allocating group tables: done
Writing inode tables: done
Creating journal (4096 blocks): done
Writing superblocks and filesystem accounting information: done
```

<br>

### /dev/sdf2 ì™€ /dev/sdf5 í¬ë§·í•˜ê¸°

- ì•„ë˜ì²˜ëŸ¼ ì˜¤ë¥˜ê°€ ëœ¬ ì´ìœ ëŠ” `/dev/sdf2`ëŠ” Extended Partitionìœ¼ë¡œ ë‹¨ì§€ ìƒìì—­í• ì´ê¸° ë•Œë¬¸ì— ë‹¤ìŒê³¼ ê°™ì´ ì˜¤ë¥˜ê°€ ë‚œë‹¤.

- ê·¸ë˜ì„œ ì‹¤ì§ˆì ì¸ ë‚´ìš©ì¸ `/dev/sdf5` ì¸ `logicial partition`ì„ ì´ˆê¸°í™”í•´ì•¼ í•œë‹¤.    

- `/dev/sdf2` Error

```yml
[root@ip-172-31-8-107 ~]# mkfs -t ext4 /dev/sdf2
mke2fs 1.42.9 (28-Dec-2013)
mkfs.ext4: inode_size (128) * inodes_count (0) too big for a
	filesystem with 0 blocks, specify higher inode_ratio (-i)
	or lower inode count (-N).
```

- `/dev/sdf5` í¬ë§·í•˜ê¸°

```yml
[root@ip-172-31-8-107 ~]# mkfs -t ext4 /dev/sdf5
mke2fs 1.42.9 (28-Dec-2013)
Filesystem label=
OS type: Linux
Block size=1024 (log=0)
Fragment size=1024 (log=0)
Stride=0 blocks, Stripe width=0 blocks
51000 inodes, 203776 blocks
10188 blocks (5.00%) reserved for the super user
First data block=1
Maximum filesystem blocks=33816576
25 block groups
8192 blocks per group, 8192 fragments per group
2040 inodes per group
Superblock backups stored on blocks:
	8193, 24577, 40961, 57345, 73729

# /dev/sdf1 ì²˜ëŸ¼ doneì„ í™•ì¸í•  ìˆ˜ ìˆë‹¤. 
Allocating group tables: done
Writing inode tables: done
Creating journal (4096 blocks): done
Writing superblocks and filesystem accounting information: done
```

<br>

### /dev/sdf3 í¬ë§·í•˜ê¸°

- ì´ë²ˆì—ëŠ” ë‹¤ë¥¸ ë°©ì‹ìœ¼ë¡œ í¬ë§·ì„ í•´ë³´ì
    - `mkfs.ext4 /dev/sdf3`
    - ì•„ë˜ì™€ ê°™ì´ ë˜ ë‹¤ë¥¸ Primary partitionì„ í¬ë§·í•œë‹¤. 

```yml
[root@ip-172-31-8-107 ~]# mkfs.ext4 /dev/sdf3
mke2fs 1.42.9 (28-Dec-2013)
Filesystem label=
OS type: Linux
Block size=1024 (log=0)
Fragment size=1024 (log=0)
Stride=0 blocks, Stripe width=0 blocks
31488 inodes, 125952 blocks
6297 blocks (5.00%) reserved for the super user
First data block=1
Maximum filesystem blocks=33685504
16 block groups
8192 blocks per group, 8192 fragments per group
1968 inodes per group
Superblock backups stored on blocks:
	8193, 24577, 40961, 57345, 73729

Allocating group tables: done
Writing inode tables: done
Creating journal (4096 blocks): done
Writing superblocks and filesystem accounting information: done
```

<br>

---

## 1.3 Mount ì§„í–‰í•˜ê¸°

### ë§ˆìš´íŠ¸ëœ partition ì •ë³´ í™•ì¸í•˜ê¸°

> **_df -h_**

```yml
[root@ip-172-31-8-107 ~]# df -h
Filesystem      Size  Used Avail Use% Mounted on
devtmpfs        474M     0  474M   0% /dev
tmpfs           483M     0  483M   0% /dev/shm
tmpfs           483M  468K  483M   1% /run
tmpfs           483M     0  483M   0% /sys/fs/cgroup
/dev/xvda1      8.0G  2.3G  5.8G  29% /
tmpfs            97M     0   97M   0% /run/user/0
```

<br>

### ë§ˆìš´íŠ¸ ì§„í–‰ì„ ìœ„í•´ directory ë§Œë“¤ê¸°

- ì •ë³´ë¥¼ ì°¾ì„ ìˆ˜ ì—†ê¸° ë•Œë¬¸ì—, ë§ˆìš´íŠ¸ë¥¼ ì§„í–‰í•´ì•¼ í•œë‹¤. 

- â—ï¸**_ë§ˆìš´íŠ¸ë¥¼ í•˜ê¸° ìœ„í•´ì„œ mount point directoryëŠ” ì„ì˜ì˜ directoryì—¬ì•¼ í•˜ë¯€ë¡œ_** ë””ë ‰í† ë¦¬ë¥¼ ë§Œë“ ë‹¤. 

```yml
# ì„ì˜ì˜ directory ìƒì„±
[root@ip-172-31-8-107 ~]# mkdir /mntdrive
[root@ip-172-31-8-107 ~]# mkdir /mnttest
[root@ip-172-31-8-107 ~]# ls -l
total 0
[root@ip-172-31-8-107 ~]# cd /
[root@ip-172-31-8-107 /]# ls -l
total 64
lrwxrwxrwx   1 root root     7 Aug 16 05:20 bin -> usr/bin
dr-xr-xr-x   4 root root  4096 Sep  6 16:41 boot
dr-xr-xr-x   2 root root 16384 Sep  9 23:57 dalkom
drwxr-xr-x  15 root root  3100 Sep 11 21:43 dev
drwxr-xr-x  92 root root  8192 Sep 11 16:58 etc
drwxr-xr-x   3 root root    18 Sep  7 17:36 export
drwxr-xr-x   5 root root    56 Sep  6 12:53 home
lrwxrwxrwx   1 root root     7 Aug 16 05:20 lib -> usr/lib
lrwxrwxrwx   1 root root     9 Aug 16 05:20 lib64 -> usr/lib64
drwxr-xr-x   2 root root     6 Aug 16 05:20 local
drwxr-xr-x   2 root root     6 Apr 10  2019 media
drwxr-xr-x   2 root root     6 Apr 10  2019 mnt
drwxr-xr-x   2 root root     6 Sep 11 23:59 mntdrive
drwxr-xr-x   2 root root     6 Sep 11 23:59 mnttest
drwxr-xr-x   4 root root    27 Aug 16 05:22 opt
dr-xr-xr-x 166 root root     0 Aug 30 13:09 proc
dr-xr-x---   3 root root   140 Sep 11 17:11 root
drwxr-xr-x  32 root root  1060 Sep 11 16:58 run
lrwxrwxrwx   1 root root     8 Aug 16 05:20 sbin -> usr/sbin
drwxr-xr-x   2 root root     6 Apr 10  2019 srv
dr-xr-xr-x  13 root root     0 Aug 30 13:09 sys
drwxr-xr-x   2 root root    54 Sep 11 13:28 temp
-rw-r--r--   1 root root  1312 Sep  2 17:51 testfile
drwxr-xr-x   2 root root     6 Sep  4 02:47 testhome
drwxrwxrwt  10 root root  8192 Sep 11 16:58 tmp
drwxr-xr-x   2 root root    76 Sep  4 00:48 usertest
drwxr-xr-x  13 root root   155 Aug 16 05:20 usr
drwxr-xr-x  20 root root   280 Sep  6 17:49 var

# testfile ìƒì„±
[root@ip-172-31-8-107 /]# touch /mntdrive/testfile1
[root@ip-172-31-8-107 /]# touch /mnttest/testfile2
```

<br>


### mount ì‹¤í–‰

- mount ì „ `ls -l`

```yml
[root@ip-172-31-8-107 /]# ls -l /mntdrive/ /mnttest/
/mntdrive/:
total 0
-rw-r--r-- 1 root root 0 Sep 12 00:23 testfile1

/mnttest/:
total 0
-rw-r--r-- 1 root root 0 Sep 12 00:24 testfile2
```

- mount í•˜ê¸°

```yml
[root@ip-172-31-8-107 /]# mount /dev/sdf1 /mntdrive/
```

- mount ìœ ë¬´ í™•ì¸í•˜ê¸°

```yml
# ë§¨ ë§ˆì§€ë§‰ ì¤„ì„ ë³´ë©´ /mntdriveë¡œ ì˜¬ë¼ê°„ ê±¸ ì•Œ ìˆ˜ ìˆë‹¤.
[root@ip-172-31-8-107 ~]# df -h
Filesystem      Size  Used Avail Use% Mounted on
devtmpfs        474M     0  474M   0% /dev
tmpfs           483M     0  483M   0% /dev/shm
tmpfs           483M  468K  483M   1% /run
tmpfs           483M     0  483M   0% /sys/fs/cgroup
/dev/xvda1      8.0G  2.3G  5.8G  29% /
tmpfs            97M     0   97M   0% /run/user/0
/dev/xvdf1      672M   24K  623M   1% /mntdrive
```

- mount í›„ `ls -l`
    - mount í•˜ê³  ë‚˜ì„œëŠ” mount point ì•ˆì˜ fileì´ í™•ì¸ë˜ì§€ ì•ŠëŠ”ë‹¤.
    - ì—¬ê¸°ì„œëŠ” testfile1ì´ í™•ì¸ë˜ì§€ ì•ŠëŠ”ë‹¤.

```yml
[root@ip-172-31-8-107 /]# ls -l /mntdrive/
total 16
drwx------ 2 root root 16384 Sep 11 23:49 lost+found

[root@ip-172-31-8-107 /]# touch testfile3
[root@ip-172-31-8-107 /]# ls -l
total 24
drwx------  2 root root 16384 Sep 11 23:49 lost+found
-rw-r--r--  1 root root     0 Sep 12 00:37 testfile3
```


<br>

---

## 1.4 Unmount ì§„í–‰í•˜ê¸°

- `umount` ëª…ë ¹ì–´ ì‚¬ìš© ì‹œ, partition ë˜ëŠ” mount pointë¥¼ ì‚¬ìš©í•˜ëŠ”ë°, ë²ˆí˜¸ë³´ë‹¤ mount pointê°€ ê¸°ì–µí•˜ê¸° ë” ì¢‹ë‹¤.

### Unmount ì‹œ, error

```yml
# ì•„ë˜ ëª…ë ¹ì–´ 2ê°œì˜ ê²°ê³¼ëŠ” ë™ì¼í•˜ë‹¤. 
[root@ip-172-31-8-107 /]# umount /dev/sdf1 
[root@ip-172-31-8-107 /]# umount /mntdrive/
[root@ip-172-31-8-107 mntdrive]# umount /mntdrive/
umount: /mntdrive/: target is busy.
```

### mount point ì™¸ ê²½ë¡œì—ì„œ unmount ì‹œë„í•˜ê¸°

- â—ï¸ **_umount ì‹œì—ëŠ” mount point ì™¸ì˜ ë¶€ë¶„ì—ì„œ í•´ì•¼ í•œë‹¤._**


```yml
[root@ip-172-31-8-107 mntdrive]# cd ..
[root@ip-172-31-8-107 /]# umount /mntdrive/
```

- ëª©ë¡ì—ì„œ í™•ì¸í•´ë³´ì. 

```yml
[root@ip-172-31-8-107 /]# df -h
Filesystem      Size  Used Avail Use% Mounted on
devtmpfs        474M     0  474M   0% /dev
tmpfs           483M     0  483M   0% /dev/shm
tmpfs           483M  468K  483M   1% /run
tmpfs           483M     0  483M   0% /sys/fs/cgroup
/dev/xvda1      8.0G  2.3G  5.8G  29% /
tmpfs            97M     0   97M   0% /run/user/0

[root@ip-172-31-8-107 /]# ls -l /mntdrive/
total 0
-rw-r--r-- 1 root root 0 Sep 12 00:23 testfile1
```

- ë¹Œë ¤ì„œ ì ê¹ ì‚¬ìš©í•œ ê²ƒì¼ë¿ ì–¸ë§ˆìš´íŠ¸ë¡œ ë°˜ë‚©í•˜ë©´ ì›ë˜ëŒ€ë¡œ ì‚¬ìš©ê°€ëŠ¥í•˜ë‹¤.  

- ê·¸ë˜ì„œ ê¸°ì¡´ì— ì‚¬ìš©í•˜ë˜ directoryì— ë§ˆìš´íŠ¸ë¥¼ í•˜ë©´ ì‚¬ìš©í•  ìˆ˜ ì—†ê¸° ë•Œë¬¸ì—, ì„ì˜ì˜ directoryì— í•´ì•¼í•œë‹¤.


<br>

---

# 2. ìë™ ë§ˆìš´íŠ¸ ì‹¤ìŠµ

### /etc/fstab ìˆ˜ì •í•˜ê¸°

- ìë™ ë§ˆìš´íŠ¸ë¥¼ í•˜ê¸° ìœ„í•´ì„œëŠ” `/etc/fstab`ì— ë‚´ìš©ì„ ì…ë ¥í•´ì•¼ í•˜ê¸° ë•Œë¬¸ì—, vim ì— ë“¤ì–´ê°„ë‹¤. 

```yml
[root@ip-172-31-8-107 /]# vi /etc/fstab
```

- yy ì™€ pë¥¼ ëˆŒëŸ¬ì„œ ë°”ë¡œ ì•„ë« ì¤„ì— ë¶™ì¸ í›„, ì•„ë˜ì²˜ëŸ¼ ë‚´ìš©ì„ ìˆ˜ì •í•œë‹¤. 

```yml
#
UUID=44322bfa-376f-498c-9617-cd51e46a67d5     /           xfs    defaults,noatime  1   1
/dev/sdf1     /mnttest           ext4    defaults     1   1
~
```

<br>

### Instance ì¬ë¶€íŒ…í•˜ê¸° in AWS console

- ê·¸ í›„, AWS console logì— ë“¤ì–´ì™€ì„œ ì‚¬ìš©í•˜ê³  ìˆëŠ” ì¸ìŠ¤í„´ìŠ¤ë¥¼ ì¬ë¶€íŒ…í•œ í›„, ë‹¤ì‹œ ë¡œê·¸ì¸í•œë‹¤. 

```yml
ssh -i ~/.ssh/dalkom.pem root@43.200.244.241
[root@ip-172-31-8-107 ~]# df -h
Filesystem      Size  Used Avail Use% Mounted on
devtmpfs        474M     0  474M   0% /dev
tmpfs           483M     0  483M   0% /dev/shm
tmpfs           483M  412K  483M   1% /run
tmpfs           483M     0  483M   0% /sys/fs/cgroup
/dev/xvda1      8.0G  2.3G  5.8G  29% /
/dev/xvdf1      672M   24K  623M   1% /mnttest
tmpfs            97M     0   97M   0% /run/user/0
```

<br>

### ìë™ mount í™•ì¸

- ìë™ ë§ˆìš´íŠ¸ëœ ê±¸ í™•ì¸í•  ìˆ˜ ìˆë‹¤. 

- ìˆ˜ë™ê³¼ì˜ ì°¨ì´ì ì€ ê¸°ì¡´ì— ìˆë˜ testfile3ê°€ lost+foundë¡œ ë³€í•˜ì§€ ì•Šì•˜ë‹¤ëŠ” ê²ƒì´ë‹¤. 

```yml
[root@ip-172-31-8-107 ~]# ls -l /mnttest
total 16
drwx------ 2 root root 16384 Sep 11 23:49 lost+found
-rw-r--r-- 1 root root     0 Sep 12 00:37 testfile3
```

ğŸ”† ìš”ì¦˜ linuxì—ì„œëŠ” mount point directoryì— ì˜ëª» ì…ë ¥í•˜ì—¬ ì—†ëŠ” directoryì—¬ë„ ì´ë¥¼ ìƒì„±í•˜ì—¬ ì—°ê²°ì‹œí‚¨ë‹¤.

- **ìë™ ë§ˆìš´íŠ¸ì—ì„œ ì¤‘ìš”í•œ ê±´ ì •í™•í•œ paritition ëª…ê³¼ mount point ëª…ì„ ì…ë ¥í•´ì•¼ í•œë‹¤.**


### umount í•˜ê¸°

- ê·¸ëŸ¬ë©´ ì´ë²ˆì—ëŠ” partitionìœ¼ë¡œ unmount í•´ë³´ì.

```yml
[root@ip-172-31-8-107 ~]# umount /dev/sdf1
[root@ip-172-31-8-107 ~]# ls -l /mnttest
total 0
-rw-r--r-- 1 root root 0 Sep 12 00:24 testfile2
```

<br>

---

## ìë™ mountê°€ í•„ìš”í•œ ê³³


- ìœ„ì™€ ê°™ì€ ìë™ mountê°€ í•„ìš”í•œ ê³³ì´ NFSë‹¤.

- NFSì˜ íŠ¹ì§•ì€ ë‹¤ë¥¸ ìœ„ì¹˜ì— ìˆëŠ” ì‚¬ìš©ìì—ê²Œ í•„ìš”í•œ íŒŒí‹°ì…˜ì„ ë§ˆìš´íŠ¸í•˜ì—¬ ì‚¬ìš©í•  ìˆ˜ ìˆë‹¤.

- ğŸ”† ì‹œìŠ¤í…œì€ ê³„ì† í‚¬ ìˆ˜ ì—†ê¸° ë•Œë¬¸ì—, ë¬¸ì œê°€ ìƒê²¼ì„ ë•Œ ì»¸ë‹¤ê°€ ì¼œì•¼ í•œë‹¤. ì´ ë•Œ ë‹¤ë¥¸ ì„œë²„ë¥¼ ë§ˆìš´íŠ¸í•˜ì—¬ ì‚¬ìš©í•  ìˆ˜ê°€ ìˆë‹¤. 



<br>

---

# Reference

- [ëŸ¬ë‹ìŠ¤í‘¼ì¦ˆ - ë‚˜ë…¸ë””ê·¸ë¦¬ Python & Django backed course](https://learningspoons.com/course/detail/django-backend/)